   Compiling unicode-ident v1.0.24
   Compiling cfg-if v1.0.4
   Compiling serde_core v1.0.228
   Compiling libc v0.2.183
   Compiling memchr v2.8.0
   Compiling proc-macro2 v1.0.106
   Compiling quote v1.0.45
   Compiling log v0.4.29
   Compiling syn v2.0.117
   Compiling once_cell v1.21.4
   Compiling smallvec v1.15.1
   Compiling pin-project-lite v0.2.17
   Compiling libloading v0.8.9
   Compiling linux-raw-sys v0.12.1
   Compiling libm v0.2.16
   Compiling bitflags v2.11.0
   Compiling equivalent v1.0.2
   Compiling winnow v0.7.15
   Compiling rustix v1.1.4
   Compiling slab v0.4.12
   Compiling tracing-core v0.1.36
   Compiling dlib v0.5.3
   Compiling crossbeam-utils v0.8.21
   Compiling futures-core v0.3.32
   Compiling wayland-sys v0.31.10
   Compiling scoped-tls v1.0.1
   Compiling downcast-rs v1.2.1
   Compiling quick-xml v0.39.2
   Compiling memmap2 v0.9.10
   Compiling futures-io v0.3.32
   Compiling indexmap v2.13.0
   Compiling wayland-scanner v0.31.9
   Compiling toml_edit v0.25.8+spec-1.1.0
   Compiling serde_derive v1.0.228
   Compiling bytemuck_derive v1.10.2
   Compiling tracing-attributes v0.1.31
   Compiling bytemuck v1.25.0
   Compiling polling v3.11.0
   Compiling tracing v0.1.44
   Compiling wayland-backend v0.3.14
   Compiling thiserror-impl v2.0.18
   Compiling enumflags2_derive v0.7.12
   Compiling num-traits v0.2.19
   Compiling serde v1.0.228
   Compiling thiserror v2.0.18
   Compiling wayland-client v0.31.13
   Compiling rustc-hash v2.1.1
   Compiling foldhash v0.2.0
   Compiling zvariant_utils v3.3.0
   Compiling hashbrown v0.16.1
   Compiling proc-macro-crate v3.5.0
   Compiling errno v0.3.14
   Compiling parking v2.2.1
   Compiling simd-adler32 v0.3.8
   Compiling signal-hook-registry v1.4.8
   Compiling zvariant_derive v5.10.0
   Compiling wayland-server v0.31.12
   Compiling concurrent-queue v2.5.0
   Compiling fastrand v2.3.0
   Compiling endi v1.1.1
   Compiling bytes v1.11.1
   Compiling xkeysym v0.2.1
   Compiling mio v1.1.1
   Compiling wayland-protocols v0.32.11
   Compiling xcursor v0.3.10
   Compiling arrayvec v0.7.6
   Compiling adler2 v2.0.1
   Compiling miniz_oxide v0.8.9
   Compiling tokio-macros v2.6.1
   Compiling displaydoc v0.2.5
   Compiling thiserror-impl v1.0.69
   Compiling socket2 v0.6.3
   Compiling cursor-icon v1.2.0
   Compiling crc32fast v1.5.0
   Compiling tokio v1.50.0
   Compiling core_maths v0.1.1
   Compiling bitflags v1.3.2
   Compiling raw-window-handle v0.6.2
   Compiling flate2 v1.1.9
   Compiling thiserror v1.0.69
   Compiling event-listener v5.4.1
   Compiling enumflags2 v0.7.12
   Compiling event-listener-strategy v0.5.4
   Compiling zvariant v5.10.0
   Compiling futures-lite v2.6.1
   Compiling calloop v0.14.4
   Compiling siphasher v1.0.2
   Compiling zbus_names v4.3.1
   Compiling wayland-csd-frame v0.3.0
   Compiling wayland-cursor v0.31.13
   Compiling calloop-wayland-source v0.4.1
   Compiling ttf-parser v0.25.1
   Compiling wayland-protocols-wlr v0.3.11
   Compiling wayland-protocols-misc v0.3.11
   Compiling wayland-protocols-experimental v20250721.0.1
   Compiling xkbcommon v0.8.0
   Compiling quick-xml v0.38.4
   Compiling async-task v4.7.1
   Compiling smithay-client-toolkit v0.20.0
   Compiling async-io v2.6.0
   Compiling async-channel v2.5.0
   Compiling fdeflate v0.3.7
   Compiling synstructure v0.13.2
   Compiling uuid v1.22.0
   Compiling atomic-waker v1.1.2
   Compiling async-signal v0.2.13
   Compiling piper v0.2.5
   Compiling async-lock v3.4.2
   Compiling float-cmp v0.9.0
   Compiling strict-num v0.1.1
   Compiling blocking v1.6.2
   Compiling async-process v2.5.0
   Compiling zerofrom-derive v0.1.6
   Compiling async-executor v1.14.0
   Compiling zbus_macros v5.14.0
   Compiling async-broadcast v0.7.2
   Compiling zbus_xml v5.1.0
   Compiling async-trait v0.1.89
   Compiling async-recursion v1.1.1
   Compiling zerocopy-derive v0.8.47
   Compiling serde_repr v0.1.20
   Compiling ordered-stream v0.2.0
   Compiling hex v0.4.3
   Compiling arrayref v0.3.9
   Compiling static_assertions v1.1.0
   Compiling as-raw-xcb-connection v1.0.1
   Compiling tiny-skia-path v0.11.4
   Compiling zbus-lockstep v0.5.2
   Compiling zerofrom v0.1.6
   Compiling yoke-derive v0.8.1
   Compiling zbus v5.14.0
   Compiling zerocopy v0.8.47
   Compiling png v0.17.16
   Compiling gethostname v1.1.0
   Compiling stable_deref_trait v1.2.1
   Compiling percent-encoding v2.3.2
   Compiling smol_str v0.3.6
   Compiling x11rb-protocol v0.13.2
   Compiling yoke v0.8.1
   Compiling zbus-lockstep-macros v0.5.2
   Compiling keyboard-types v0.8.3
   Compiling futures-sink v0.3.32
   Compiling dpi v0.1.2 (https://github.com/pop-os/winit.git?tag=cosmic-0.14#a610ac9c)
   Compiling fnv v1.0.7
   Compiling winit-core v0.31.0-beta.2 (https://github.com/pop-os/winit.git?tag=cosmic-0.14#a610ac9c)
   Compiling x11-dl v2.21.0
   Compiling tiny-skia v0.11.4
   Compiling owned_ttf_parser v0.25.1
   Compiling atspi-common v0.13.0
   Compiling xkbcommon-dl v0.4.2
   Compiling zerovec-derive v0.11.2
   Compiling ab_glyph_rasterizer v0.1.10
   Compiling ab_glyph v0.2.32
   Compiling zerovec v0.11.5
   Compiling winit-common v0.31.0-beta.2 (https://github.com/pop-os/winit.git?tag=cosmic-0.14#a610ac9c)
   Compiling getrandom v0.3.4
   Compiling futures-channel v0.3.32
   Compiling x11rb v0.13.2
   Compiling accesskit v0.22.0 (https://github.com/wash2/accesskit?tag=cosmic-0.14#f0599eed)
   Compiling futures-macro v0.3.32
   Compiling futures-task v0.3.32
   Compiling futures-util v0.3.32
   Compiling accesskit_consumer v0.32.0 (https://github.com/wash2/accesskit?tag=cosmic-0.14#f0599eed)
   Compiling ahash v0.8.12
   Compiling atspi-proxies v0.13.0
   Compiling sctk-adwaita v0.11.0
   Compiling smithay-clipboard v0.8.0 (https://github.com/pop-os/smithay-clipboard?tag=sctk-0.20#859b02c8)
   Compiling wayland-protocols-plasma v0.3.11
   Compiling phf_shared v0.11.3
   Compiling phf_generator v0.11.3
   Compiling atspi v0.29.0
   Compiling mime v0.1.0 (https://github.com/pop-os/window_clipboard.git?tag=sctk-0.20#f68595ee)
   Compiling winit-wayland v0.31.0-beta.2 (https://github.com/pop-os/winit.git?tag=cosmic-0.14#a610ac9c)
   Compiling accesskit_atspi_common v0.15.0 (https://github.com/wash2/accesskit?tag=cosmic-0.14#f0599eed)
   Compiling winit-x11 v0.31.0-beta.2 (https://github.com/pop-os/winit.git?tag=cosmic-0.14#a610ac9c)
   Compiling tokio-stream v0.1.18
   Compiling accesskit_unix v0.18.0 (https://github.com/wash2/accesskit?tag=cosmic-0.14#f0599eed)
   Compiling winit v0.31.0-beta.2 (https://github.com/pop-os/winit.git?tag=cosmic-0.14#a610ac9c)
   Compiling dnd v0.1.0 (https://github.com/pop-os/window_clipboard.git?tag=sctk-0.20#f68595ee)
   Compiling phf_macros v0.11.3
   Compiling tinystr v0.8.2
   Compiling same-file v1.0.6
   Compiling itoa v1.0.18
   Compiling self_cell v1.2.2
   Compiling phf v0.11.3
   Compiling palette_derive v0.7.6
   Compiling walkdir v2.5.0
   Compiling clipboard_wayland v0.2.2 (https://github.com/pop-os/window_clipboard.git?tag=sctk-0.20#f68595ee)
   Compiling accesskit_winit v0.30.0 (https://github.com/wash2/accesskit?tag=cosmic-0.14#f0599eed)
   Compiling clipboard_x11 v0.4.2 (https://github.com/pop-os/window_clipboard.git?tag=sctk-0.20#f68595ee)
   Compiling cosmic-protocols v0.2.0 (https://github.com/pop-os/cosmic-protocols?rev=160b086#160b086a)
   Compiling approx v0.5.1
   Compiling unicode-segmentation v1.12.0
   Compiling fast-srgb8 v1.0.0
   Compiling web-time v1.1.0
   Compiling linux-raw-sys v0.4.15
   Compiling rustix v0.38.44
   Compiling lilt v0.8.1
   Compiling cosmic-client-toolkit v0.2.0 (https://github.com/pop-os/cosmic-protocols?rev=160b086#160b086a)
   Compiling palette v0.7.6
   Compiling window_clipboard v0.4.1 (https://github.com/pop-os/window_clipboard.git?tag=sctk-0.20#f68595ee)
   Compiling iced_accessibility v0.1.0 (https://github.com/pop-os/libcosmic.git#d7fd880a)
   Compiling slotmap v1.1.1
   Compiling glam v0.25.0
   Compiling either v1.15.0
   Compiling roxmltree v0.20.0
   Compiling tinyvec_macros v0.1.1
   Compiling tinyvec v1.11.0
   Compiling fontconfig-parser v0.5.8
   Compiling futures-executor v0.3.32
   Compiling unicode-script v0.5.8
   Compiling futures v0.3.32
   Compiling unic-langid-impl v0.9.6
   Compiling typenum v1.19.0
   Compiling font-types v0.11.1
   Compiling font-types v0.10.1
   Compiling unicode-bidi v0.3.18
   Compiling generic-array v0.14.7
   Compiling read-fonts v0.35.0
   Compiling nom v7.1.3
   Compiling toml v0.9.12+spec-1.1.0
   Compiling read-fonts v0.37.0
   Compiling iced_core v0.14.0 (https://github.com/pop-os/libcosmic.git#d7fd880a)
   Compiling unic-langid v0.9.6
   Compiling fontdb v0.23.0
   Compiling unicode-width v0.1.14
   Compiling sys-locale v0.3.2
   Compiling base64 v0.22.1
   Compiling byteorder-lite v0.1.0
   Compiling system-deps v7.0.7
   Compiling iced_futures v0.14.0 (https://github.com/pop-os/libcosmic.git#d7fd880a)
   Compiling cexpr v0.6.0
   Compiling clang-sys v1.8.1
   Compiling itertools v0.13.0
   Compiling skrifa v0.37.0
   Compiling half v2.7.1
   Compiling type-map v0.5.1
   Compiling euclid v0.22.14
   Compiling aho-corasick v1.1.4
   Compiling pxfm v0.1.28
   Compiling scopeguard v1.2.0
   Compiling unicode-linebreak v0.1.5
   Compiling unicode-properties v0.1.4
   Compiling zeno v0.3.3
   Compiling rangemap v1.7.1
   Compiling regex-syntax v0.8.10
   Compiling yazi v0.2.1
   Compiling zune-core v0.5.1
   Compiling swash v0.2.6
   Compiling zune-jpeg v0.5.14
   Compiling regex-automata v0.4.14
   Compiling moxcms v0.8.1
   Compiling bindgen v0.72.1
   Compiling lock_api v0.4.14
   Compiling lyon_geom v1.0.19
   Compiling harfrust v0.5.2
   Compiling skrifa v0.40.0
   Compiling zmij v1.0.21
   Compiling block-buffer v0.10.4
   Compiling crypto-common v0.1.7
   Compiling png v0.18.1
   Compiling writeable v0.6.2
   Compiling litemap v0.8.1
   Compiling linux-raw-sys v0.6.5
   Compiling weezl v0.1.12
   Compiling mutate_once v0.1.2
   Compiling powerfmt v0.2.0
   Compiling linebender_resource_handle v0.1.1
   Compiling deranged v0.5.8
   Compiling cosmic-text v0.18.2 (https://github.com/pop-os/cosmic-text.git#d5a972a2)
   Compiling kamadak-exif v0.6.1
   Compiling drm-sys v0.6.1
   Compiling icu_locale_core v2.1.1
   Compiling image v0.25.10
   Compiling digest v0.10.7
   Compiling serde_json v1.0.149
   Compiling libdbus-sys v0.2.7
   Compiling lyon_path v1.0.19
   Compiling potential_utf v0.1.4
   Compiling zerotrie v0.2.3
   Compiling kurbo v0.11.3
   Compiling fluent-syntax v0.12.0
   Compiling cpufeatures v0.2.17
   Compiling bit-vec v0.8.0
   Compiling unicode-ccc v0.4.0
   Compiling num-conv v0.2.0
   Compiling color_quant v1.1.0
   Compiling unicode-bidi-mirroring v0.4.0
   Compiling time-core v0.1.8
   Compiling rustybuzz v0.20.1
   Compiling time v0.3.47
   Compiling svgtypes v0.15.3
   Compiling gif v0.13.3
   Compiling bit-set v0.8.0
   Compiling sha2 v0.10.9
   Compiling iced_graphics v0.14.0 (https://github.com/pop-os/libcosmic.git#d7fd880a)
   Compiling icu_provider v2.1.1
   Compiling icu_collections v2.1.1
   Compiling drm-ffi v0.7.1
   Compiling syn v1.0.109
   Compiling drm-fourcc v2.2.0
   Compiling libspa-sys v0.9.2
   Compiling crossbeam-epoch v0.9.18
   Compiling inotify-sys v0.1.5
   Compiling getrandom v0.2.17
   Compiling simplecss v0.2.2
   Compiling data-url v0.3.2
   Compiling unicode-vo v0.1.0
   Compiling pico-args v0.5.0
   Compiling ctor-lite v0.1.2
   Compiling quick-error v2.0.1
   Compiling untrusted v0.9.0
   Compiling zune-core v0.4.12
   Compiling linked-hash-map v0.5.6
   Compiling imagesize v0.13.0
   Compiling xmlwriter v0.1.0
   Compiling yaml-rust v0.4.5
   Compiling usvg v0.45.1
   Compiling zune-jpeg v0.4.21
   Compiling ring v0.17.14
   Compiling image-webp v0.2.4
   Compiling tiny-xlib v0.2.4
   Compiling crossbeam-deque v0.8.6
   Compiling drm v0.11.1
   Compiling phf_shared v0.13.1
   Compiling rust-embed-utils v8.11.0
   Compiling icu_properties_data v2.1.2
   Compiling fancy-regex v0.16.2
   Compiling icu_normalizer_data v2.1.1
   Compiling plist v1.8.0
   Compiling iced_debug v0.14.0 (https://github.com/pop-os/libcosmic.git#d7fd880a)
   Compiling parking_lot_core v0.9.12
   Compiling bincode v1.3.3
   Compiling basic-toml v0.1.10
   Compiling toml v0.5.11
   Compiling rgb v0.8.53
   Compiling foldhash v0.1.5
   Compiling allocator-api2 v0.2.21
   Compiling darling_core v0.14.4
   Compiling i18n-config v0.4.8
   Compiling hashbrown v0.15.5
   Compiling find-crate v0.6.3
   Compiling phf_generator v0.13.1
   Compiling proc-macro2-diagnostics v0.10.1
   Compiling resvg v0.45.1
   Compiling syntect v5.3.0
   Compiling parking_lot v0.12.5
   Compiling icu_normalizer v2.1.1
   Compiling softbuffer v0.4.1 (https://github.com/pop-os/softbuffer?tag=cosmic-4.0#a3f77e25)
   Compiling icu_properties v2.1.2
   Compiling rust-embed-impl v8.11.0
   Compiling rayon-core v1.13.0
   Compiling uncased v0.9.10
   Compiling getrandom v0.4.2
   Compiling intl-memoizer v0.5.3
   Compiling iced_runtime v0.14.0 (https://github.com/pop-os/libcosmic.git#d7fd880a)
   Compiling textwrap v0.11.0
   Compiling intl_pluralrules v7.0.2
   Compiling fluent-langneg v0.13.1
   Compiling http v0.2.12
   Compiling kurbo v0.10.4
   Compiling memmap2 v0.8.0
   Compiling option-ext v0.2.0
   Compiling bit-vec v0.6.3
   Compiling rustc-hash v1.1.0
   Compiling termcolor v1.4.1
   Compiling clap v2.34.0
   Compiling bit-set v0.5.3
   Compiling ouroboros_macro v0.18.5
   Compiling codespan-reporting v0.11.1
   Compiling xkbcommon v0.7.0
   Compiling dirs-sys v0.5.0
   Compiling iced_tiny_skia v0.14.0 (https://github.com/pop-os/libcosmic.git#d7fd880a)
   Compiling fluent-bundle v0.16.0
   Compiling tempfile v3.27.0
   Compiling idna_adapter v1.2.1
   Compiling arc-swap v1.9.0
   Compiling rust-embed v8.11.0
   Compiling two-face v0.4.5
   Compiling darling_macro v0.14.4
   Compiling i18n-embed-impl v0.8.4
   Compiling phf_macros v0.13.1
   Compiling typeid v1.0.3
   Compiling darling_core v0.21.3
   Compiling sct v0.7.1
   Compiling rustls-webpki v0.101.7
   Compiling inotify v0.11.1
   Compiling dbus v0.9.10
   Compiling tokio-util v0.7.18
   Compiling form_urlencoded v1.2.2
   Compiling font-types v0.7.3
   Compiling spirv v0.3.0+sdk-1.3.268.0
   Compiling gpu-alloc-types v0.3.0
   Compiling gpu-descriptor-types v0.2.0
   Compiling notify-types v2.1.0
   Compiling libloading v0.7.4
   Compiling xdg v3.0.0
   Compiling hexf-parse v0.2.1
   Compiling aliasable v0.1.3
   Compiling utf8_iter v1.0.4
   Compiling try-lock v0.2.5
   Compiling unicode-xid v0.2.6
   Compiling want v0.3.1
   Compiling naga v0.20.0
   Compiling idna v1.1.0
   Compiling ouroboros v0.18.5
   Compiling dbus-codegen v0.9.1
   Compiling ash v0.37.3+1.3.251
   Compiling darling_macro v0.21.3
   Compiling notify v8.2.0
   Compiling gpu-descriptor v0.3.2
   Compiling gpu-alloc v0.6.0
   Compiling read-fonts v0.22.7
   Compiling h2 v0.3.27
   Compiling rustls v0.21.12
   Compiling phf v0.13.1
   Compiling ron v0.12.0
   Compiling darling v0.14.4
   Compiling iced_highlighter v0.14.0 (https://github.com/pop-os/libcosmic.git#d7fd880a)
   Compiling iced_renderer v0.14.0 (https://github.com/pop-os/libcosmic.git#d7fd880a)
   Compiling atomicwrites v0.4.2 (https://github.com/jackpot51/rust-atomicwrites#043ab485)
   Compiling fluent v0.17.0
   Compiling khronos-egl v6.0.0
   Compiling httparse v1.10.1
   Compiling dirs v6.0.0
   Compiling http-body v0.4.6
   Compiling iced_program v0.14.0 (https://github.com/pop-os/libcosmic.git#d7fd880a)
   Compiling rayon v1.11.0
   Compiling pipewire-sys v0.9.2
   Compiling libspa v0.9.2
   Compiling cosmic-settings-daemon v0.1.0 (https://github.com/pop-os/dbus-settings-bindings#507e342c)
   Compiling num-integer v0.1.46
   Compiling cosmic-config-derive v1.0.0 (https://github.com/pop-os/libcosmic.git#d7fd880a)
   Compiling wgpu-types v0.20.0
   Compiling socket2 v0.5.10
   Compiling proc-macro-error-attr2 v2.0.0
   Compiling httpdate v1.0.3
   Compiling glow v0.13.1
   Compiling renderdoc-sys v1.1.0
   Compiling tower-service v0.3.3
   Compiling ttf-parser v0.20.0
   Compiling profiling v1.0.17
   Compiling hyper v0.14.32
   Compiling wgpu-hal v0.21.1
   Compiling proc-macro-error2 v2.0.1
   Compiling jpeg-decoder v0.3.2
   Compiling cosmic-config v1.0.0 (https://github.com/pop-os/libcosmic.git#d7fd880a)
   Compiling iced_winit v0.14.0 (https://github.com/pop-os/libcosmic.git#d7fd880a)
   Compiling i18n-embed v0.16.0
   Compiling iced_widget v0.14.2 (https://github.com/pop-os/libcosmic.git#d7fd880a)
   Compiling from_variants_impl v1.0.2
   Compiling csscolorparser v0.8.3
   Compiling tokio-rustls v0.24.1
   Compiling skrifa v0.22.3
   Compiling nix v0.30.1
   Compiling ksni v0.2.2
   Compiling darling v0.21.3
   Compiling url v2.5.8
   Compiling bstr v1.12.1
   Compiling calloop v0.13.0
   Compiling heck v0.3.3
   Compiling convert_case v0.8.0
   Compiling zune-inflate v0.2.54
   Compiling toml_datetime v0.6.11
   Compiling serde_spanned v0.6.9
   Compiling btoi v0.5.0
   Compiling derive_utils v0.15.1
   Compiling nom v8.0.0
   Compiling grid v1.0.0
   Compiling lazy_static v1.5.0
   Compiling strength_reduce v0.2.4
   Compiling bit_field v0.10.3
   Compiling configparser v3.1.0
   Compiling toml_write v0.1.2
   Compiling unicode-bidi-mirroring v0.1.0
   Compiling unicode-ccc v0.1.2
   Compiling cookie-factory v0.3.3
   Compiling almost v0.2.0
   Compiling base64 v0.21.7
   Compiling lebe v0.5.3
   Compiling ryu v1.0.23
   Compiling zeno v0.2.3
   Compiling yazi v0.1.6
   Compiling serde_urlencoded v0.7.1
   Compiling exr v1.74.0
   Compiling swash v0.1.19
   Compiling rustls-pemfile v1.0.4
   Compiling cosmic-theme v1.0.0 (https://github.com/pop-os/libcosmic.git#d7fd880a)
   Compiling rustybuzz v0.12.1
   Compiling toml_edit v0.22.27
   Compiling transpose v0.2.3
   Compiling taffy v0.9.2
   Compiling auto_enums v0.8.8
   Compiling sharded-slab v0.1.7
   Compiling cosmic-freedesktop-icons v0.4.0 (https://github.com/pop-os/freedesktop-icons#7a61a704)
   Compiling calloop-wayland-source v0.3.0
   Compiling derive_is_enum_variant v0.1.1
   Compiling derive_setters v0.1.9
   Compiling iced v0.14.0 (https://github.com/pop-os/libcosmic.git#d7fd880a)
   Compiling hyper-rustls v0.24.2
   Compiling from_variants v1.0.2
   Compiling i18n-embed-fl v0.10.0
   Compiling wgpu-core v0.21.1
   Compiling tiff v0.9.1
   Compiling libmimalloc-sys v0.1.44
   Compiling fontdb v0.16.2
   Compiling anyhow v1.0.102
   Compiling dbus-tree v0.9.2
   Compiling primal-check v0.3.4
   Compiling enum-kinds v0.5.1
   Compiling inotify v0.9.6
   Compiling float-cmp v0.10.0
   Compiling num-complex v0.4.6
   Compiling qoi v0.4.1
   Compiling crossbeam-channel v0.5.15
   Compiling tracing-log v0.2.0
   Compiling filetime v0.2.27
   Compiling mio v0.8.11
   Compiling encoding_rs v0.8.35
   Compiling thread_local v1.1.9
   Compiling ipnet v2.12.0
   Compiling jiff v0.2.23
   Compiling byteorder v1.5.0
   Compiling nu-ansi-term v0.50.3
   Compiling apply v0.3.0
   Compiling css-color v0.2.8
   Compiling mime v0.3.17
   Compiling sync_wrapper v0.1.2
   Compiling webpki-roots v0.25.4
   Compiling reqwest v0.11.27
   Compiling tracing-subscriber v0.3.23
   Compiling libcosmic v1.0.0 (https://github.com/pop-os/libcosmic.git#d7fd880a)
   Compiling wgpu v0.20.1
   Compiling image v0.24.9
   Compiling notify v6.1.1
   Compiling rustfft v6.4.1
   Compiling mpris v2.0.1
   Compiling cosmic-text v0.11.2
   Compiling pipewire v0.9.2
   Compiling mimalloc v0.1.48
   Compiling smithay-client-toolkit v0.19.2
   Compiling toml v0.8.23
   Compiling lru v0.12.5
   Compiling cosmic-wallpaper v0.1.3 (/app)
    Finished `test` profile [unoptimized + debuginfo] target(s) in 4m 12s
     Running unittests src/lib.rs (target/debug/deps/cosmic_wallpaper-e2f208fc27331a98)

running 26 tests
test modules::colour::tests::test_lerp_colour ... ok
test modules::colour::tests::test_time_to_sky_colour_boundaries ... ok
test modules::colour::tests::test_time_to_sky_colour_intermediate ... ok
test modules::colour::tests::test_extract_palette_no_valid_colors ... ok
test modules::colour::tests::test_extract_palette_top_5 ... ok
test modules::config::tests::test_both_env_vars_missing ... ok
test modules::colour::tests::test_extract_palette ... ok
test modules::config::tests::test_custom_background_path_returns_early ... ok
test modules::config::tests::test_fallback_to_home_dir ... ok
test modules::config::tests::test_cosmic_bg_dir_missing ... ok
test modules::config::tests::test_fallback_to_xdg_config_home ... ok
test modules::config::tests::test_fallback_to_home_dir_with_xdg_config_home_unset ... ok
test modules::config::tests::test_cosmic_bg_dir_empty ... ok
test modules::config::tests::test_fallback_with_both_env_vars_missing ... ok
test modules::config::tests::test_invalid_ron_format ... ok
test modules::lrclib::tests::test_parse_lrc_edge_cases ... ok
test modules::lrclib::tests::test_parse_lrc_empty_lines_and_metadata ... ok
test modules::lrclib::tests::test_parse_lrc_invalid_time ... ok
test modules::lrclib::tests::test_parse_lrc_valid ... ok
test modules::mpris::tests::test_is_safe_path ... ok
test modules::state::tests::test_scene_description ... ok
test modules::state::tests::test_state_transitions ... ok
test modules::weather::tests::test_wmo_code_to_condition ... ok
test modules::config::tests::test_falls_back_to_older_config_if_newer_is_invalid ... ok
test modules::config::tests::test_parses_cosmic_ron_format_and_verifies_existence ... ok
test modules::config::tests::test_selects_most_recently_modified_config ... ok

test result: ok. 26 passed; 0 failed; 0 ignored; 0 measured; 0 filtered out; finished in 0.07s

     Running unittests src/main.rs (target/debug/deps/cosmic_wallpaper-08147c53877a0907)

running 26 tests
test modules::colour::tests::test_lerp_colour ... ok
test modules::colour::tests::test_time_to_sky_colour_boundaries ... ok
test modules::colour::tests::test_time_to_sky_colour_intermediate ... ok
test modules::colour::tests::test_extract_palette_no_valid_colors ... ok
test modules::config::tests::test_both_env_vars_missing ... ok
test modules::colour::tests::test_extract_palette_top_5 ... ok
test modules::colour::tests::test_extract_palette ... ok
test modules::config::tests::test_cosmic_bg_dir_empty ... ok
test modules::config::tests::test_cosmic_bg_dir_missing ... ok
test modules::config::tests::test_custom_background_path_returns_early ... ok
test modules::config::tests::test_fallback_to_home_dir ... ok
test modules::config::tests::test_fallback_to_home_dir_with_xdg_config_home_unset ... ok
test modules::config::tests::test_fallback_to_xdg_config_home ... ok
test modules::config::tests::test_fallback_with_both_env_vars_missing ... ok
test modules::config::tests::test_invalid_ron_format ... ok
test modules::lrclib::tests::test_parse_lrc_edge_cases ... ok
test modules::lrclib::tests::test_parse_lrc_empty_lines_and_metadata ... ok
test modules::lrclib::tests::test_parse_lrc_invalid_time ... ok
test modules::lrclib::tests::test_parse_lrc_valid ... ok
test modules::mpris::tests::test_is_safe_path ... ok
test modules::state::tests::test_scene_description ... ok
test modules::state::tests::test_state_transitions ... ok
test modules::weather::tests::test_wmo_code_to_condition ... ok
test modules::config::tests::test_falls_back_to_older_config_if_newer_is_invalid ... ok
test modules::config::tests::test_parses_cosmic_ron_format_and_verifies_existence ... ok
test modules::config::tests::test_selects_most_recently_modified_config ... ok

test result: ok. 26 passed; 0 failed; 0 ignored; 0 measured; 0 filtered out; finished in 0.07s

     Running unittests src/modules/gui.rs (target/debug/deps/cosmic_wallpaper_gui-67b6f8a28e53c52f)

running 1 test
test tests::test_is_safe_path ... ok

test result: ok. 1 passed; 0 failed; 0 ignored; 0 measured; 0 filtered out; finished in 0.00s

   Doc-tests cosmic_wallpaper

running 0 tests

test result: ok. 0 passed; 0 failed; 0 ignored; 0 measured; 0 filtered out; finished in 0.00s
